#0 building with "desktop-linux" instance using docker driver

#1 [internal] load build definition from Dockerfile
#1 transferring dockerfile: 642B 0.0s done
#1 DONE 0.1s

#2 [internal] load metadata for docker.io/library/nginx:alpine
#2 DONE 1.9s

#3 [internal] load metadata for docker.io/library/node:20-alpine
#3 DONE 1.9s

#4 [internal] load .dockerignore
#4 transferring context: 32B
#4 transferring context: 95B 0.0s done
#4 DONE 0.1s

#5 [stage-1 1/2] FROM docker.io/library/nginx:alpine@sha256:4a73073bd557c65b759505da037898b61f1be6cbcc3c2c3aeac22d2a470c1752
#5 resolve docker.io/library/nginx:alpine@sha256:4a73073bd557c65b759505da037898b61f1be6cbcc3c2c3aeac22d2a470c1752 0.0s done
#5 DONE 0.0s

#6 [builder 1/6] FROM docker.io/library/node:20-alpine@sha256:fb4cd12c85ee03686f6af5362a0b0d56d50c58a04632e6c0fb8363f609372293
#6 resolve docker.io/library/node:20-alpine@sha256:fb4cd12c85ee03686f6af5362a0b0d56d50c58a04632e6c0fb8363f609372293 0.0s done
#6 DONE 0.1s

#7 [internal] load build context
#7 transferring context: 574B done
#7 DONE 0.0s

#8 [builder 3/6] COPY package.json package-lock.json ./
#8 CACHED

#9 [builder 6/6] RUN npm run build
#9 CACHED

#10 [builder 4/6] RUN npm ci
#10 CACHED

#11 [builder 5/6] COPY . .
#11 CACHED

#12 [builder 2/6] WORKDIR /app
#12 CACHED

#13 [stage-1 2/2] COPY --from=builder /app/dist /usr/share/nginx/html
#13 CACHED

#14 exporting to image
#14 exporting layers done
#14 exporting manifest sha256:e3b1f37730c31e114709fc48890eb677493cf61b1d61cdbc3c9ccdd4a2b9e59e
#14 exporting manifest sha256:e3b1f37730c31e114709fc48890eb677493cf61b1d61cdbc3c9ccdd4a2b9e59e done
#14 exporting config sha256:f7f7a9286563350beb2361d60333c6fe33c3ff637f2b77247dafeeaa702c3c13 0.0s done
#14 exporting attestation manifest sha256:38e6272212614f30c9a0fe3366551e1dbfccd5316c9c03e3c748cc84c5edcc49 0.0s done
#14 exporting manifest list sha256:a378d14cf7e01ba2a2c9402e5b8e04d2d82e7bcd9caae7e08205c4bb52f9de60 0.0s done
#14 naming to docker.io/library/ketik-hotel:latest done
#14 unpacking to docker.io/library/ketik-hotel:latest 0.0s done
#14 DONE 0.2s

