#0 building with "desktop-linux" instance using docker driver

#1 [internal] load build definition from Dockerfile
#1 transferring dockerfile: 642B 0.0s done
#1 DONE 0.0s

#2 [internal] load metadata for docker.io/library/nginx:alpine
#2 ...

#3 [auth] library/node:pull token for registry-1.docker.io
#3 DONE 0.0s

#4 [auth] library/nginx:pull token for registry-1.docker.io
#4 DONE 0.0s

#5 [internal] load metadata for docker.io/library/node:20-alpine
#5 DONE 3.6s

#2 [internal] load metadata for docker.io/library/nginx:alpine
#2 DONE 3.7s

#6 [internal] load .dockerignore
#6 transferring context: 95B 0.0s done
#6 DONE 0.0s

#7 [stage-1 1/2] FROM docker.io/library/nginx:alpine@sha256:4a73073bd557c65b759505da037898b61f1be6cbcc3c2c3aeac22d2a470c1752
#7 resolve docker.io/library/nginx:alpine@sha256:4a73073bd557c65b759505da037898b61f1be6cbcc3c2c3aeac22d2a470c1752 0.1s done
#7 DONE 0.1s

#8 [builder 1/6] FROM docker.io/library/node:20-alpine@sha256:fb4cd12c85ee03686f6af5362a0b0d56d50c58a04632e6c0fb8363f609372293
#8 resolve docker.io/library/node:20-alpine@sha256:fb4cd12c85ee03686f6af5362a0b0d56d50c58a04632e6c0fb8363f609372293 0.1s done
#8 DONE 0.1s

#9 [internal] load build context
#9 transferring context: 16.30kB 0.0s done
#9 DONE 0.0s

#10 [builder 2/6] WORKDIR /app
#10 CACHED

#11 [builder 3/6] COPY package.json package-lock.json ./
#11 CACHED

#12 [builder 4/6] RUN npm ci
#12 CACHED

#13 [builder 5/6] COPY . .
#13 DONE 0.1s

#14 [builder 6/6] RUN npm run build
#14 1.773 
#14 1.773 > ketik-hotel@1.0.0 build
#14 1.773 > eleventy
#14 1.773 
#14 2.415 [11ty] Writing dist/fasilitas/index.html from ./src/fasilitas.njk
#14 2.415 [11ty] Writing dist/kamar/index.html from ./src/kamar.njk
#14 2.415 [11ty] Writing dist/index.html from ./src/index.njk
#14 2.415 [11ty] Writing dist/kontak/index.html from ./src/kontak.njk
#14 2.415 [11ty] Writing dist/tentang/index.html from ./src/tentang.njk
#14 2.420 [11ty] Copied 1 file / Wrote 5 files in 0.11 seconds (v2.0.1)
#14 DONE 2.5s

#7 [stage-1 1/2] FROM docker.io/library/nginx:alpine@sha256:4a73073bd557c65b759505da037898b61f1be6cbcc3c2c3aeac22d2a470c1752
#7 CACHED

#15 [stage-1 2/2] COPY --from=builder /app/dist /usr/share/nginx/html
#15 DONE 0.0s

#16 exporting to image
#16 exporting layers 0.1s done
#16 exporting manifest sha256:bb4452a5a37610c6cac9dee6bd12390a2fc2cf096e89c30bbca1b5c49efc4a6e 0.0s done
#16 exporting config sha256:ca837d4ef9b16b5b9cf155c99e87437afeaeab06721b78c6e908ffe7bf588d3f 0.0s done
#16 exporting attestation manifest sha256:7f64bb7acec6aa9f500307e57900414bdffe9d4a9c099378b8e150cbf9211b03 0.0s done
#16 exporting manifest list sha256:8651c94651da72683b2b551afb869cdcae9b088c3f4fefff19747791152e2cee 0.0s done
#16 naming to docker.io/library/ketik-hotel:latest done
#16 unpacking to docker.io/library/ketik-hotel:latest 0.0s done
#16 DONE 0.2s
